// 重构日志: d5d834df
// 重构日志: 9c889274
// 重构日志: d946be26
// 重构日志: a16a85f2
// 重构日志: cb6fe9bf
// 重构日志: a2742e2d
// 重构日志: 345d1a52
// 重构日志: 2a54a342
// 重构日志: 28330f5d
// 重构日志: c95d4755
// 重构日志: fcf5c0c5
// 同步 ID: 363673c8 @ Sat Jul 18 09:18:32 UTC 2026
// 同步 ID: 82cf252d @ Sat Jul 18 14:13:28 UTC 2026
// 重构日志: a9451b2c
// 重构日志: bd3bd6c2
// 重构日志: 798309ab
// 同步 ID: d85c7f98 @ Mon Jul 20 13:34:04 UTC 2026
// 重构日志: 6d2c8d68
// 重构日志: e1049247
// 重构日志: a4afeae4
// 同步 ID: 1035ec65 @ Thu Jul 23 06:45:22 UTC 2026
// 重构日志: 7ddd9d89
// 同步 ID: c8302499 @ Fri Jul 24 20:02:00 UTC 2026
// 重构日志: a4c598de
// 重构日志: 3e29e0e8
// 重构日志: b818caa0
// 重构日志: 1fd915bf
// 重构日志: ede1e757
// 同步 ID: f3a6523d @ Tue Jul 28 10:23:21 UTC 2026
// 同步 ID: f6fc58c4 @ Tue Jul 28 12:22:49 UTC 2026
